06-30 17:20:21.610  1466  1466 W Layer   : gatherBufferInfo: Received unknown dataspace from gralloc
06-30 17:20:21.619  1466  1466 W Layer   : gatherBufferInfo: Received unknown dataspace from gralloc
06-30 17:20:21.627  1466  1466 W Layer   : gatherBufferInfo: Received unknown dataspace from gralloc
06-30 17:20:21.635  1466  1466 W Layer   : gatherBufferInfo: Received unknown dataspace from gralloc
06-30 17:20:21.660  1466  1466 W Layer   : gatherBufferInfo: Received unknown dataspace from gralloc
06-30 17:20:21.668  1466  1466 W Layer   : gatherBufferInfo: Received unknown dataspace from gralloc
06-30 17:20:21.693  1466  1466 W Layer   : gatherBufferInfo: Received unknown dataspace from gralloc
06-30 17:20:21.702  1466  1466 W Layer   : gatherBufferInfo: Received unknown dataspace from gralloc
06-30 17:20:21.712  1313  7439 D StNfcHal: (#025A8) Rx 6f 02 09 21 20 00 12 04 c6 04 25 ef
06-30 17:20:21.725  1313  7439 D StNfcHal: (#025A9) Rx 6f 02 0d 21 20 00 0a 08 01 00 01 52 c6 04 31 71
06-30 17:20:21.727  1466  1466 W Layer   : gatherBufferInfo: Received unknown dataspace from gralloc
06-30 17:20:21.735  1466  1466 W Layer   : gatherBufferInfo: Received unknown dataspace from gralloc
06-30 17:20:21.735  1313  7439 D StNfcHal: (#025AA) Rx 6f 02 0f 21 20 00 0a 0a 07 00 03 05 00 08 c6 04 36 e1
06-30 17:20:21.760  1466  1466 W Layer   : gatherBufferInfo: Received unknown dataspace from gralloc
06-30 17:20:21.766  1313  7439 D StNfcHal: (#025AB) Rx 6f 02 10 21 20 00 0a 0b 19 00 05 00 ff 00 03 c6 04 54 6b
06-30 17:20:21.768  1466  1466 W Layer   : gatherBufferInfo: Received unknown dataspace from gralloc
06-30 17:20:21.779  1313  7439 D StNfcHal: (#025AC) Rx 6f 02 0f 21 20 00 0a 0a 0a 00 03 26 01 00 c6 04 5f f7
06-30 17:20:21.789  1313  7439 D StNfcHal: (#025AD) Rx 6f 02 09 21 20 00 13 04 c6 04 62 2e
06-30 17:20:21.793  1466  1466 W Layer   : gatherBufferInfo: Received unknown dataspace from gralloc
06-30 17:20:21.810  1466  1466 W Layer   : gatherBufferInfo: Received unknown dataspace from gralloc
06-30 17:20:21.818  1466  1466 W Layer   : gatherBufferInfo: Received unknown dataspace from gralloc
06-30 17:20:21.826  1466  1466 W Layer   : gatherBufferInfo: Received unknown dataspace from gralloc
06-30 17:20:21.835  1466  1466 W Layer   : gatherBufferInfo: Received unknown dataspace from gralloc
06-30 17:20:21.843  1466  1466 W Layer   : gatherBufferInfo: Received unknown dataspace from gralloc
06-30 17:20:21.852  1466  1466 W Layer   : gatherBufferInfo: Received unknown dataspace from gralloc
06-30 17:20:21.860  1466  1466 W Layer   : gatherBufferInfo: Received unknown dataspace from gralloc
06-30 17:20:21.868  1466  1466 W Layer   : gatherBufferInfo: Received unknown dataspace from gralloc
06-30 17:20:21.876  1466  1466 W Layer   : gatherBufferInfo: Received unknown dataspace from gralloc
06-30 17:20:21.885  1466  1466 W Layer   : gatherBufferInfo: Received unknown dataspace from gralloc
06-30 17:20:21.893  1466  1466 W Layer   : gatherBufferInfo: Received unknown dataspace from gralloc
06-30 17:20:21.901  1466  1466 W Layer   : gatherBufferInfo: Received unknown dataspace from gralloc
06-30 17:20:21.910  1466  1466 W Layer   : gatherBufferInfo: Received unknown dataspace from gralloc
06-30 17:20:21.918  1466  1466 W Layer   : gatherBufferInfo: Received unknown dataspace from gralloc
06-30 17:20:21.926  1466  1466 W Layer   : gatherBufferInfo: Received unknown dataspace from gralloc
06-30 17:20:21.934  1466  1466 W Layer   : gatherBufferInfo: Received unknown dataspace from gralloc
06-30 17:20:21.943  1466  1466 W Layer   : gatherBufferInfo: Received unknown dataspace from gralloc
06-30 17:20:21.951  1466  1466 W Layer   : gatherBufferInfo: Received unknown dataspace from gralloc
06-30 17:20:21.959  1466  1466 W Layer   : gatherBufferInfo: Received unknown dataspace from gralloc
06-30 17:20:21.968  1466  1466 W Layer   : gatherBufferInfo: Received unknown dataspace from gralloc
06-30 17:20:21.976  1466  1466 W Layer   : gatherBufferInfo: Received unknown dataspace from gralloc
06-30 17:20:21.984  1466  1466 W Layer   : gatherBufferInfo: Received unknown dataspace from gralloc
06-30 17:20:21.993  1466  1466 W Layer   : gatherBufferInfo: Received unknown dataspace from gralloc
06-30 17:20:22.001  1466  1466 W Layer   : gatherBufferInfo: Received unknown dataspace from gralloc
06-30 17:20:22.009  1466  1466 W Layer   : gatherBufferInfo: Received unknown dataspace from gralloc
06-30 17:20:22.018  1466  1466 W Layer   : gatherBufferInfo: Received unknown dataspace from gralloc
06-30 17:20:22.026  1466  1466 W Layer   : gatherBufferInfo: Received unknown dataspace from gralloc
06-30 17:20:22.034  1466  1466 W Layer   : gatherBufferInfo: Received unknown dataspace from gralloc
06-30 17:20:22.042  1466  1466 W Layer   : gatherBufferInfo: Received unknown dataspace from gralloc
06-30 17:20:22.051  1466  1466 W Layer   : gatherBufferInfo: Received unknown dataspace from gralloc
06-30 17:20:22.059  1466  1466 W Layer   : gatherBufferInfo: Received unknown dataspace from gralloc
06-30 17:20:22.067  1466  1466 W Layer   : gatherBufferInfo: Received unknown dataspace from gralloc
06-30 17:20:22.084  1466  1466 W Layer   : gatherBufferInfo: Received unknown dataspace from gralloc
06-30 17:20:22.109  1466  1466 W Layer   : gatherBufferInfo: Received unknown dataspace from gralloc
06-30 17:20:22.117  1466  1466 W Layer   : gatherBufferInfo: Received unknown dataspace from gralloc
06-30 17:20:22.142  1466  1466 W Layer   : gatherBufferInfo: Received unknown dataspace from gralloc
06-30 17:20:22.150  1466  1466 W Layer   : gatherBufferInfo: Received unknown dataspace from gralloc
06-30 17:20:22.175  1466  1466 W Layer   : gatherBufferInfo: Received unknown dataspace from gralloc
06-30 17:20:22.183  1466  1466 W Layer   : gatherBufferInfo: Received unknown dataspace from gralloc
06-30 17:20:22.209  1466  1466 W Layer   : gatherBufferInfo: Received unknown dataspace from gralloc
06-30 17:20:22.216  1313  7439 D StNfcHal: (#025AE) Rx 6f 02 09 21 20 00 12 04 c6 05 d7 49
06-30 17:20:22.217  1466  1466 W Layer   : gatherBufferInfo: Received unknown dataspace from gralloc
06-30 17:20:22.230  1313  7439 D StNfcHal: (#025AF) Rx 6f 02 0d 21 20 00 0a 08 01 00 01 52 c6 05 e2 cb
06-30 17:20:22.240  1313  7439 D StNfcHal: (#025B0) Rx 6f 02 0f 21 20 00 0a 0a 07 00 03 05 00 08 c6 05 e8 3b
06-30 17:20:22.242  1466  1466 W Layer   : gatherBufferInfo: Received unknown dataspace from gralloc
06-30 17:20:22.250  1466  1466 W Layer   : gatherBufferInfo: Received unknown dataspace from gralloc
06-30 17:20:22.270  1313  7439 D StNfcHal: (#025B1) Rx 6f 02 10 21 20 00 0a 0b 19 00 05 00 ff 00 03 c6 06 05 c6
06-30 17:20:22.275  1466  1466 W Layer   : gatherBufferInfo: Received unknown dataspace from gralloc
06-30 17:20:22.283  1466  1466 W Layer   : gatherBufferInfo: Received unknown dataspace from gralloc
06-30 17:20:22.284  1313  7439 D StNfcHal: (#025B2) Rx 6f 02 0f 21 20 00 0a 0a 0a 00 03 26 01 00 c6 06 11 52
06-30 17:20:22.294  1313  7439 D StNfcHal: (#025B3) Rx 6f 02 09 21 20 00 13 04 c6 06 13 90
06-30 17:20:22.299 23294  7325 I NearbyMediums: Found Fast Ble Advertisements :
06-30 17:20:22.299 23294  7325 I NearbyMediums: BleAdvertisement { version=2, socketVersion=2, isFast=true, serviceIdHash=null, data=[ 0x23 0x52 0x37 0x53 0x37 0x11 0x32 0xd8 0xa3 0x5d 0xb3 0x96 0x24 0x8e 0xe4 0x47 0x4d 0xaa 0x22 0x9b 0xf9 0x5f 0x7b ], deviceToken=[ 0xfd 0x4d ], rxAdvertisement=null } : 3 times.
06-30 17:20:22.299 23294  7325 I NearbyMediums: Total 3 fast advertisements from 1 unique advertisers.
06-30 17:20:22.308  1466  1466 W Layer   : gatherBufferInfo: Received unknown dataspace from gralloc
06-30 17:20:22.325  1466  1466 W Layer   : gatherBufferInfo: Received unknown dataspace from gralloc
06-30 17:20:22.341  1466  1466 W Layer   : gatherBufferInfo: Received unknown dataspace from gralloc
06-30 17:20:22.366  1466  1466 W Layer   : gatherBufferInfo: Received unknown dataspace from gralloc
06-30 17:20:22.375  1466  1466 W Layer   : gatherBufferInfo: Received unknown dataspace from gralloc
06-30 17:20:22.400  1466  1466 W Layer   : gatherBufferInfo: Received unknown dataspace from gralloc
06-30 17:20:22.408  1466  1466 W Layer   : gatherBufferInfo: Received unknown dataspace from gralloc
06-30 17:20:22.433  1466  1466 W Layer   : gatherBufferInfo: Received unknown dataspace from gralloc
06-30 17:20:22.441  1466  1466 W Layer   : gatherBufferInfo: Received unknown dataspace from gralloc
06-30 17:20:22.466  1466  1466 W Layer   : gatherBufferInfo: Received unknown dataspace from gralloc
06-30 17:20:22.474  1466  1466 W Layer   : gatherBufferInfo: Received unknown dataspace from gralloc
06-30 17:20:22.499  1466  1466 W Layer   : gatherBufferInfo: Received unknown dataspace from gralloc
06-30 17:20:22.575  1367  1729 W SDM     : HWDeviceDRM::GetSupportedBitClkRate: Requested rate not supported: 745940000
06-30 17:20:22.575  1367  1729 I SDM     : HWDeviceDRM::UpdateMixerAttributes: Mixer WxH 1080x2400-1 for Peripheral
06-30 17:20:22.575  1367  1729 I SDM     : HWCDisplay::SubmitDisplayConfig: Active configuration changed from config 0 to 2
06-30 17:20:22.720  1313  7439 D StNfcHal: (#025B4) Rx 6f 02 0a 21 20 00 1b 05 00 c6 07 87 ea
06-30 17:20:22.731  1313  7439 D StNfcHal: (#025B5) Rx 6f 02 3a 21 20 00 a2 0a 01 01 00 11 00 17 c6 07 88 fa a2 0a 02 03 03 fa 03 ee c6 07 8f a6 14 05
06-30 17:20:22.731  1313  7439 D StNfcHal: (#025B5) rx 01 c6 07 8f a9 a2 0a 06 03 03 ea 03 de c6 07 8f ad a2 0a 07 03 00 0a 03 fe c6 07 8f af
06-30 17:20:23.068  1265  3673 I vendor.qti.bluetooth@1.0-ibs_handler: ProcessIbsCmd: Received IBS_WAKE_IND: 0xFD
06-30 17:20:23.068  1265  3673 D vendor.qti.bluetooth@1.0-ibs_handler: SerialClockVote: vote for UART CLK ON
06-30 17:20:23.069  1265  3673 D vendor.qti.bluetooth@1.0-wake_lock: Acquire wakelock is acquired
06-30 17:20:23.069  1265  3673 I vendor.qti.bluetooth@1.0-ibs_handler: ProcessIbsCmd: Writing IBS_WAKE_ACK
06-30 17:20:23.070  3132  3675 I bt_stack: [INFO:btm_ble_gap.cc(3297)] btm_ble_process_adv_pkt_cont Data Complete 25:8a:76:e3:d0:d1
06-30 17:20:23.070  3132  3675 D bt_btm_ble: bool parse_adv_audio_uuids_from_adv_pkt(const uint8_t *, size_t, uint8_t): tmap_cap_pts: false
06-30 17:20:23.071  3132  3497 D BluetoothAdapterService: getIdentityAddress null retruning 25:8A:76:E3:D0:D1
06-30 17:20:23.110  1265  3673 I vendor.qti.bluetooth@1.0-ibs_handler: ProcessIbsCmd: Received IBS_SLEEP_IND: 0xFE
06-30 17:20:23.110  1265  3673 D vendor.qti.bluetooth@1.0-ibs_handler: SerialClockVote: vote for UART CLK OFF
06-30 17:20:23.206  3132  3495 I BtGatt.ScanManager: msg.what = 6
06-30 17:20:23.206  3132  3495 D BtGatt.ScanManager: uid 10109 isForeground true scanMode 1
06-30 17:20:23.206  3132  3495 D BtGatt.ScanManager: uid 10109 isForeground true scanMode 3
06-30 17:20:23.262  1265  3502 D vendor.qti.bluetooth@1.0-wake_lock: Release wakelock is released
