
06-30 17:20:17.051  1466  1466 W Layer   : gatherBufferInfo: Received unknown dataspace from gralloc
06-30 17:20:17.052  1367  1729 W SDM     : HWDeviceDRM::GetSupportedBitClkRate: Requested rate not supported: 745940000
06-30 17:20:17.053  1367  1729 I SDM     : HWDeviceDRM::UpdateMixerAttributes: Mixer WxH 1080x2400-1 for Peripheral
06-30 17:20:17.053  1367  1729 I SDM     : HWCDisplay::SubmitDisplayConfig: Active configuration changed from config 2 to 0
06-30 17:20:17.093  1466  1466 W Layer   : gatherBufferInfo: Received unknown dataspace from gralloc
06-30 17:20:17.116  1466  1466 W Layer   : gatherBufferInfo: Received unknown dataspace from gralloc
06-30 17:20:17.126  1466  1466 W Layer   : gatherBufferInfo: Received unknown dataspace from gralloc
06-30 17:20:17.134  1466  1466 W Layer   : gatherBufferInfo: Received unknown dataspace from gralloc
06-30 17:20:17.143  1466  1466 W Layer   : gatherBufferInfo: Received unknown dataspace from gralloc
06-30 17:20:17.151  1466  1466 W Layer   : gatherBufferInfo: Received unknown dataspace from gralloc
06-30 17:20:17.167  1466  1466 W Layer   : gatherBufferInfo: Received unknown dataspace from gralloc
06-30 17:20:17.193  1466  1466 W Layer   : gatherBufferInfo: Received unknown dataspace from gralloc
06-30 17:20:17.201  1466  1466 W Layer   : gatherBufferInfo: Received unknown dataspace from gralloc
06-30 17:20:17.227  1466  1466 W Layer   : gatherBufferInfo: Received unknown dataspace from gralloc
06-30 17:20:17.234  1466  1466 W Layer   : gatherBufferInfo: Received unknown dataspace from gralloc
06-30 17:20:17.260  1466  1466 W Layer   : gatherBufferInfo: Received unknown dataspace from gralloc
06-30 17:20:17.267  1466  1466 W Layer   : gatherBufferInfo: Received unknown dataspace from gralloc
06-30 17:20:17.292  1466  1466 W Layer   : gatherBufferInfo: Received unknown dataspace from gralloc
06-30 17:20:17.309  1466  1466 W Layer   : gatherBufferInfo: Received unknown dataspace from gralloc
06-30 17:20:17.325  1466  1466 W Layer   : gatherBufferInfo: Received unknown dataspace from gralloc
06-30 17:20:17.342  1466  1466 W Layer   : gatherBufferInfo: Received unknown dataspace from gralloc
06-30 17:20:17.359  1466  1466 W Layer   : gatherBufferInfo: Received unknown dataspace from gralloc
06-30 17:20:17.375  1466  1466 W Layer   : gatherBufferInfo: Received unknown dataspace from gralloc
06-30 17:20:17.401  1466  1466 W Layer   : gatherBufferInfo: Received unknown dataspace from gralloc
06-30 17:20:17.408  1466  1466 W Layer   : gatherBufferInfo: Received unknown dataspace from gralloc
06-30 17:20:17.434  1466  1466 W Layer   : gatherBufferInfo: Received unknown dataspace from gralloc
06-30 17:20:17.441  1466  1466 W Layer   : gatherBufferInfo: Received unknown dataspace from gralloc
06-30 17:20:17.468  1466  1466 W Layer   : gatherBufferInfo: Received unknown dataspace from gralloc
06-30 17:20:17.475  1466  1466 W Layer   : gatherBufferInfo: Received unknown dataspace from gralloc
06-30 17:20:17.500  1466  1466 W Layer   : gatherBufferInfo: Received unknown dataspace from gralloc
06-30 17:20:17.516  1466  1466 W Layer   : gatherBufferInfo: Received unknown dataspace from gralloc
06-30 17:20:17.526  1466  1466 W Layer   : gatherBufferInfo: Received unknown dataspace from gralloc
06-30 17:20:17.533  1466  1466 W Layer   : gatherBufferInfo: Received unknown dataspace from gralloc
06-30 17:20:17.550  1466  1466 W Layer   : gatherBufferInfo: Received unknown dataspace from gralloc
06-30 17:20:17.566  1466  1466 W Layer   : gatherBufferInfo: Received unknown dataspace from gralloc
06-30 17:20:17.574  7296  7381 D DioxusMWA: establishMwaSession called for activity: dev.dioxus.main.MainActivity@a5dd626
06-30 17:20:17.574  7296  7381 D DioxusMWA: MobileWalletAdapter instance created. ConnectionIdentity: Dioxus Demo App
06-30 17:20:17.575  7296  7381 D DioxusMWA: MWA authorization process initiated. Check Logcat for 'DioxusMWA' for asynchronous result.
06-30 17:20:17.575  7296  7381 D mobile  : session string: "MWA authorization process initiated. Check Logcat for 'DioxusMWA' for asynchronous result."
06-30 17:20:17.575  7296  7752 D DioxusMWA: Attempting MWA transaction for authorization...
06-30 17:20:17.576  7296  7752 V LocalAssociationScenario: Creating local association scenario for ws://127.0.0.1:51852/solana-wallet
06-30 17:20:17.587  2345  4667 D ActivityTrigger: ActivityTrigger activityPauseTrigger
06-30 17:20:17.587  3144  3214 I DynamicDDSService: handleMessage(ACTIVITY_INVOKE{appInfo=com.solflare.mobile isFullScreen=}true)
06-30 17:20:17.588  2345  4667 E Transition: Trying to add a ready-group twice: Display{#0 state=ON size=1080x2400 ROTATION_0}
06-30 17:20:17.588  2345  4667 I ActivityTaskManager: START u0 {act=android.intent.action.VIEW cat=[android.intent.category.BROWSABLE] dat=solana-wallet:/... cmp=com.solflare.mobile/.MainActivity} with LAUNCH_SINGLE_TASK from uid 10258 (BAL_ALLOW_VISIBLE_WINDOW) result code=0
06-30 17:20:17.588  2967  3007 V WindowManagerShell: Transition requested: android.os.BinderProxy@622d3be TransitionRequestInfo { type = OPEN, triggerTask = TaskInfo{userId=0 taskId=109 displayId=0 isRunning=true baseIntent=Intent { act=android.intent.action.MAIN cat=[android.intent.category.LAUNCHER] flg=0x10200000 cmp=com.example.Mobile/dev.dioxus.main.MainActivity } baseActivity=ComponentInfo{com.example.Mobile/dev.dioxus.main.MainActivity} topActivity=ComponentInfo{com.solflare.mobile/com.solflare.mobile.MainActivity} origActivity=null realActivity=ComponentInfo{com.example.Mobile/dev.dioxus.main.MainActivity} numActivities=2 lastActiveTime=966111380 supportsMultiWindow=true resizeMode=1 isResizeable=true minWidth=-1 minHeight=-1 defaultMinSize=220 token=WCT{android.window.IWindowContainerToken$Stub$Proxy@c4c3c1f} topActivityType=1 pictureInPictureParams=null shouldDockBigOverlays=false launchIntoPipHostTaskId=-1 lastParentTaskIdBeforePip=-1 displayCutoutSafeInsets=Rect(0, 118 - 0, 0) topActivityInfo=ActivityInfo{5c13b6c com.solflare.mobile.MainActivity} launchCookies=[android.os.BinderProxy@7fd35a8] positionInParent=Point(0, 0) parentTaskId=-1 isFocused=true isVisible=true isVisibleRequested=true isSleeping=false topActivityInSizeCompat=false topActivityEligibleForLetterboxEducation= false topActivityLetterboxed= false isFromDoubleTap= false topActivityLetterboxVerticalPosition= -1 topActivityLetterboxHorizontalPosition= -1 topActivityLetterboxWidth=-1 topActivityLetterboxHeight=-1 locusId=null displayAreaFeatureId=1 cameraCompatControlState=hidden}, remoteTransition = null, displayChange = null }
06-30 17:20:17.591  2345  4667 I ActivityTaskManager: The Process com.solflare.mobile Already Exists in BG. So sending its PID: 27590
06-30 17:20:17.591  1393  1451 W ANDR-PERF-LM: MetaMeter: handlePrimaryAsync() 118: AdaptLaunch MetaMeter. No MeterMgr Available to handle this Primary Async. !!!!
06-30 17:20:17.591  1393  1451 W ANDR-PERF-LM: MetaMeter: handlePrimaryAsync() 118: AdaptLaunch MetaMeter. No MeterMgr Available to handle this Primary Async. !!!!
06-30 17:20:17.591  1393  1451 E ANDR-PERF-LM: MetaMeter: handleAsync() 166: AdaptLaunch Invalid Async
06-30 17:20:17.593  2345  4667 D ActivityManager: quick sync unfreeze 27590 for 1
06-30 17:20:17.596  2345  2499 D ActivityManager: sync unfroze 27590 com.solflare.mobile for 1
06-30 17:20:17.597  2345  2499 D ActivityManager: sync unfroze 27882 com.google.android.webview:sandboxed_process0:org.chromium.content.app.SandboxedProcessService0:0 for 1
06-30 17:20:17.597  2345  2499 D ActivityManager: sync unfroze 23310 com.google.android.gms for 1
06-30 17:20:17.597  2345  2499 D ActivityManager: sync unfroze 32439 com.solanamobile.seedvaultimpl for 1
06-30 17:20:17.599  1466  1466 W Layer   : gatherBufferInfo: Received unknown dataspace from gralloc
06-30 17:20:17.600  1466  1466 I BpBinder: onLastStrongRef automatically unlinking death recipients:
06-30 17:20:17.605 23310 23310 D BoundBrokerSvc: onUnbind: Intent { act=com.google.android.gms.safebrowsing.SafeBrowsingService.START dat=chimera-action:/... cmp=com.google.android.gms/.chimera.GmsBoundBrokerService }
06-30 17:20:17.607  1466  1466 W Layer   : gatherBufferInfo: Received unknown dataspace from gralloc
06-30 17:20:17.624  1466  1466 W Layer   : gatherBufferInfo: Received unknown dataspace from gralloc
06-30 17:20:17.632  1466  1466 W Layer   : gatherBufferInfo: Received unknown dataspace from gralloc
06-30 17:20:17.637 27590 27590 I AdrenoVK-0: QUALCOMM build          : 72d8b177be, I020fdb6434
06-30 17:20:17.637 27590 27590 I AdrenoVK-0: Build Date              : 02/27/24
06-30 17:20:17.637 27590 27590 I AdrenoVK-0: Shader Compiler Version : EV031.36.08.28
06-30 17:20:17.637 27590 27590 I AdrenoVK-0: Local Branch            :
06-30 17:20:17.637 27590 27590 I AdrenoVK-0: Remote Branch           : refs/tags/AU_LINUX_ANDROID_LA.VENDOR.1.0.11.00.00.770.073
06-30 17:20:17.637 27590 27590 I AdrenoVK-0: Remote Branch           : NONE
06-30 17:20:17.637 27590 27590 I AdrenoVK-0: Reconstruct Branch      : NOTHING
06-30 17:20:17.637 27590 27590 I AdrenoVK-0: Build Config            : S P 12.1.1 AArch64
06-30 17:20:17.637 27590 27590 I AdrenoVK-0: Driver Path             : /vendor/lib64/hw/vulkan.adreno.so
06-30 17:20:17.637 27590 27590 I AdrenoVK-0: Driver Version          : 0615.84
06-30 17:20:17.637 27590 27590 I AdrenoVK-0: PFP                     : 0x01730158
06-30 17:20:17.637 27590 27590 I AdrenoVK-0: ME                      : 0x00000000
06-30 17:20:17.637 27590 27590 I AdrenoVK-0: Application Name    : Impeller
06-30 17:20:17.637 27590 27590 I AdrenoVK-0: Application Version : 0x00400000
06-30 17:20:17.637 27590 27590 I AdrenoVK-0: Engine Name         : Impeller
06-30 17:20:17.637 27590 27590 I AdrenoVK-0: Engine Version      : 0x00400000
06-30 17:20:17.637 27590 27590 I AdrenoVK-0: Api Version         : 0x00401000
06-30 17:20:17.644 27590 27590 I flutter : [IMPORTANT:flutter/shell/platform/android/android_context_vk_impeller.cc(60)] Using the Impeller rendering backend (Vulkan).
06-30 17:20:17.666  1466  1466 W Layer   : gatherBufferInfo: Received unknown dataspace from gralloc
06-30 17:20:17.674  1466  1466 W Layer   : gatherBufferInfo: Received unknown dataspace from gralloc
06-30 17:20:17.675 27590 27590 D com.llfbandit.app_links: Intent { act=android.intent.action.VIEW cat=[android.intent.category.BROWSABLE] dat=solana-wallet:/... flg=0x10000000 cmp=com.solflare.mobile/.MainActivity }
06-30 17:20:17.676 27590 27590 D com.llfbandit.app_links: Handled intent: action: android.intent.action.VIEW / data: solana-wallet:/v1/associate/local?association=BAXrnQLc7ZBw0NuRrbPi8qgQEV3cXiXCGr_8qdVZnDabSctbTP9Ray3YiEey9i53IclXyIbSKywtL8_3A4m8rNI&port=51852&v=1
06-30 17:20:17.682  1466  1466 W Layer   : gatherBufferInfo: Received unknown dataspace from gralloc
06-30 17:20:17.685 27590 27796 D SessionLifecycleClient: Sending lifecycle 1 to service
06-30 17:20:17.685 27590 27802 D SessionLifecycleService: Activity foregrounding at 306675835.
06-30 17:20:17.697  2345  4667 D CoreBackPreview: Window{fbbdf6 u0 com.solflare.mobile/com.solflare.mobile.MainActivity}: Setting back callback OnBackInvokedCallbackInfo{mCallback=android.window.IOnBackInvokedCallback$Stub$Proxy@d0efc64, mPriority=0, mIsAnimationCallback=false}
06-30 17:20:17.706 27590  8060 E qdgralloc: GetSize: Unrecognized pixel format: 0x38
06-30 17:20:17.706 27590  8060 E Gralloc4: isSupported(1, 1, 56, 1, ...) failed with 5
06-30 17:20:17.707  1363  1363 E qdgralloc: GetSize: Unrecognized pixel format: 0x38
06-30 17:20:17.707  1363  1363 E DMABUFHEAPS: Unable to allocate from DMA-BUF heap: qcom,system: Invalid argument
06-30 17:20:17.707  1363  1363 E DMABUFHEAPS: No ion heap of name qcom,system exists
06-30 17:20:17.707  1363  1363 E DMABUFHEAPS: No ion heap of name qcom,system exists
06-30 17:20:17.707  1363  1363 E qdgralloc: libdma alloc failed ion_fd -22 size 0 align 4096 heap_name qcom,system flags 0
06-30 17:20:17.707  1363  1363 E qdgralloc: AllocateMem: Failed to allocate buffer - heap name: qcom,system flags: 0x0 ret: -22
06-30 17:20:17.707  1363  1363 E qdgralloc: gralloc failed to allocate err=Invalid argument format 56 size 0 WxH 4x4 usage 2816
06-30 17:20:17.707 27590  8060 E GraphicBufferAllocator: Failed to allocate (4 x 4) layerCount 1 format 56 usage b00: 5
06-30 17:20:17.707 27590  8060 E AHardwareBuffer: GraphicBuffer(w=4, h=4, lc=1) failed (Unknown error -5), handle=0x0
06-30 17:20:17.707 27590  8060 E qdgralloc: GetSize: Unrecognized pixel format: 0x3b
06-30 17:20:17.707 27590  8060 E Gralloc4: isSupported(1, 1, 59, 1, ...) failed with 5
06-30 17:20:17.707  1363  1363 E qdgralloc: GetSize: Unrecognized pixel format: 0x3b
06-30 17:20:17.707  1363  1363 E DMABUFHEAPS: Unable to allocate from DMA-BUF heap: qcom,system: Invalid argument
06-30 17:20:17.707  1363  1363 E DMABUFHEAPS: No ion heap of name qcom,system exists
06-30 17:20:17.707  1363  1363 E DMABUFHEAPS: No ion heap of name qcom,system exists
06-30 17:20:17.707  1363  1363 E qdgralloc: libdma alloc failed ion_fd -22 size 0 align 4096 heap_name qcom,system flags 0
06-30 17:20:17.707  1363  1363 E qdgralloc: AllocateMem: Failed to allocate buffer - heap name: qcom,system flags: 0x0 ret: -22
06-30 17:20:17.707  1363  1363 E qdgralloc: gralloc failed to allocate err=Invalid argument format 59 size 0 WxH 4x4 usage 2816
06-30 17:20:17.707 27590  8060 E GraphicBufferAllocator: Failed to allocate (4 x 4) layerCount 1 format 59 usage b00: 5
06-30 17:20:17.707 27590  8060 E AHardwareBuffer: GraphicBuffer(w=4, h=4, lc=1) failed (Unknown error -5), handle=0x0
06-30 17:20:17.707 27590  8060 E qdgralloc: GetSize: Unrecognized pixel format: 0x38
06-30 17:20:17.707 27590  8060 E Gralloc4: isSupported(1, 1, 56, 1, ...) failed with 5
06-30 17:20:17.707  1363  1419 E qdgralloc: GetSize: Unrecognized pixel format: 0x38
06-30 17:20:17.707  1363  1419 E DMABUFHEAPS: Unable to allocate from DMA-BUF heap: qcom,system: Invalid argument
06-30 17:20:17.707  1363  1419 E DMABUFHEAPS: No ion heap of name qcom,system exists
06-30 17:20:17.707  1363  1419 E DMABUFHEAPS: No ion heap of name qcom,system exists
06-30 17:20:17.707  1363  1419 E qdgralloc: libdma alloc failed ion_fd -22 size 0 align 4096 heap_name qcom,system flags 0
06-30 17:20:17.707  1363  1419 E qdgralloc: AllocateMem: Failed to allocate buffer - heap name: qcom,system flags: 0x0 ret: -22
06-30 17:20:17.707  1363  1419 E qdgralloc: gralloc failed to allocate err=Invalid argument format 56 size 0 WxH 4x4 usage 2816
06-30 17:20:17.707 27590  8060 E GraphicBufferAllocator: Failed to allocate (4 x 4) layerCount 1 format 56 usage b00: 5
06-30 17:20:17.707 27590  8060 E AHardwareBuffer: GraphicBuffer(w=4, h=4, lc=1) failed (Unknown error -5), handle=0x0
06-30 17:20:17.707 27590  8060 E qdgralloc: GetSize: Unrecognized pixel format: 0x3b
06-30 17:20:17.707 27590  8060 E Gralloc4: isSupported(1, 1, 59, 1, ...) failed with 5
06-30 17:20:17.707  1363  7266 E qdgralloc: GetSize: Unrecognized pixel format: 0x3b
06-30 17:20:17.707  1363  7266 E DMABUFHEAPS: Unable to allocate from DMA-BUF heap: qcom,system: Invalid argument
06-30 17:20:17.707  1363  7266 E DMABUFHEAPS: No ion heap of name qcom,system exists
06-30 17:20:17.707  1363  7266 E DMABUFHEAPS: No ion heap of name qcom,system exists
06-30 17:20:17.707  1363  7266 E qdgralloc: libdma alloc failed ion_fd -22 size 0 align 4096 heap_name qcom,system flags 0
06-30 17:20:17.707  1363  7266 E qdgralloc: AllocateMem: Failed to allocate buffer - heap name: qcom,system flags: 0x0 ret: -22
06-30 17:20:17.707  1363  7266 E qdgralloc: gralloc failed to allocate err=Invalid argument format 59 size 0 WxH 4x4 usage 2816
06-30 17:20:17.707 27590  8060 E GraphicBufferAllocator: Failed to allocate (4 x 4) layerCount 1 format 59 usage b00: 5
06-30 17:20:17.707 27590  8060 E AHardwareBuffer: GraphicBuffer(w=4, h=4, lc=1) failed (Unknown error -5), handle=0x0
06-30 17:20:17.708  1466  1466 W Layer   : gatherBufferInfo: Received unknown dataspace from gralloc
06-30 17:20:17.708 27590  8060 W qdgralloc: getInterlacedFlag: getMetaData returned -22, defaulting to interlaced_flag = 0
06-30 17:20:17.709 27590  8060 W qdgralloc: getInterlacedFlag: getMetaData returned -22, defaulting to interlaced_flag = 0
06-30 17:20:17.709 27590 27745 E OpenGLRenderer: Unable to match the desired swap behavior.
06-30 17:20:17.709 27590  8060 W qdgralloc: getInterlacedFlag: getMetaData returned -22, defaulting to interlaced_flag = 0
06-30 17:20:17.709 27590  8060 W qdgralloc: getInterlacedFlag: getMetaData returned -22, defaulting to interlaced_flag = 0
06-30 17:20:17.710 27590  8060 W qdgralloc: getInterlacedFlag: getMetaData returned -22, defaulting to interlaced_flag = 0
06-30 17:20:17.716  1466  1466 W Layer   : gatherBufferInfo: Received unknown dataspace from gralloc
06-30 17:20:17.722 27590 27590 V FlutterSeedVaultSdkPlugin - eventChannel.setStreamHandler: onListen
06-30 17:20:17.722 27590 27590 V FlutterSeedVaultSdkPlugin - eventChannelPoSM.setStreamHandler: onListen
06-30 17:20:17.724  2345  3653 D ConnectivityService: requestNetwork for uid/pid:10214/27590 activeRequest: null callbackRequest: 2458 [NetworkRequest [ REQUEST id=2459, [ Capabilities: INTERNET&NOT_RESTRICTED&TRUSTED&NOT_VCN_MANAGED Uid: 10214 RequestorUid: 10214 RequestorPkg: com.solflare.mobile UnderlyingNetworks: Null] ]] callback flags: 0 order: 2147483647 isUidTracked: false declaredMethods: ALL
06-30 17:20:17.725  2345  2900 D ConnectivityService: NetReassign [2459 : null → 106] [c 0] [a 0] [i 1]
06-30 17:20:17.725  2345  2892 D WifiNetworkFactory: got request NetworkRequest [ REQUEST id=2459, [ Capabilities: INTERNET&NOT_RESTRICTED&TRUSTED&NOT_VCN_MANAGED Uid: 10214 RequestorUid: 10214 RequestorPkg: com.solflare.mobile UnderlyingNetworks: Null] ]
06-30 17:20:17.725  2345  2892 D UntrustedWifiNetworkFactory: got request NetworkRequest [ REQUEST id=2459, [ Capabilities: INTERNET&NOT_RESTRICTED&TRUSTED&NOT_VCN_MANAGED Uid: 10214 RequestorUid: 10214 RequestorPkg: com.solflare.mobile UnderlyingNetworks: Null] ]
06-30 17:20:17.725  2345  2892 D OemPaidWifiNetworkFactory: got request NetworkRequest [ REQUEST id=2459, [ Capabilities: INTERNET&NOT_RESTRICTED&TRUSTED&NOT_VCN_MANAGED Uid: 10214 RequestorUid: 10214 RequestorPkg: com.solflare.mobile UnderlyingNetworks: Null] ]
06-30 17:20:17.725  2345  2892 D MultiInternetWifiNetworkFactory: got request NetworkRequest [ REQUEST id=2459, [ Capabilities: INTERNET&NOT_RESTRICTED&TRUSTED&NOT_VCN_MANAGED Uid: 10214 RequestorUid: 10214 RequestorPkg: com.solflare.mobile UnderlyingNetworks: Null] ]
06-30 17:20:17.739  7296  8058 V MobileWalletAdapterWebSocket: MobileWalletAdapterWebSocket-ctor
06-30 17:20:17.739  7296  8058 V MobileWalletAdapterWebSocket: connect
06-30 17:20:17.740  1466  1466 W Layer   : gatherBufferInfo: Received unknown dataspace from gralloc
06-30 17:20:17.743  7296  8075 W MobileWalletAdapterWebSocket: WebSockets error
06-30 17:20:17.743  7296  8075 W MobileWalletAdapterWebSocket: com.neovisionaries.ws.client.WebSocketException: Failed to connect to '127.0.0.1:51852': failed to connect to /127.0.0.1 (port 51852) from /127.0.0.1 (port 37302) after 200ms: isConnected failed: ECONNREFUSED (Connection refused)
06-30 17:20:17.743  7296  8075 W MobileWalletAdapterWebSocket:  at com.neovisionaries.ws.client.SocketConnector.connectSocket(SocketConnector.java:126)
06-30 17:20:17.743  7296  8075 W MobileWalletAdapterWebSocket:  at com.neovisionaries.ws.client.SocketConnector.doConnect(SocketConnector.java:238)
06-30 17:20:17.743  7296  8075 W MobileWalletAdapterWebSocket:  at com.neovisionaries.ws.client.SocketConnector.connect(SocketConnector.java:189)
06-30 17:20:17.743  7296  8075 W MobileWalletAdapterWebSocket:  at com.neovisionaries.ws.client.WebSocket.connect(WebSocket.java:2351)
06-30 17:20:17.743  7296  8075 W MobileWalletAdapterWebSocket:  at com.neovisionaries.ws.client.ConnectThread.runMain(ConnectThread.java:32)
06-30 17:20:17.743  7296  8075 W MobileWalletAdapterWebSocket:  at com.neovisionaries.ws.client.WebSocketThread.run(WebSocketThread.java:45)
06-30 17:20:17.743  7296  8075 W MobileWalletAdapterWebSocket: Caused by: java.net.ConnectException: failed to connect to /127.0.0.1 (port 51852) from /127.0.0.1 (port 37302) after 200ms: isConnected failed: ECONNREFUSED (Connection refused)
06-30 17:20:17.743  7296  8075 W MobileWalletAdapterWebSocket:  at libcore.io.IoBridge.isConnected(IoBridge.java:347)
06-30 17:20:17.743  7296  8075 W MobileWalletAdapterWebSocket:  at libcore.io.IoBridge.connectErrno(IoBridge.java:237)
06-30 17:20:17.743  7296  8075 W MobileWalletAdapterWebSocket:  at libcore.io.IoBridge.connect(IoBridge.java:179)
06-30 17:20:17.743  7296  8075 W MobileWalletAdapterWebSocket:  at java.net.PlainSocketImpl.socketConnect(PlainSocketImpl.java:142)
06-30 17:20:17.743  7296  8075 W MobileWalletAdapterWebSocket:  at java.net.AbstractPlainSocketImpl.doConnect(AbstractPlainSocketImpl.java:390)
06-30 17:20:17.743  7296  8075 W MobileWalletAdapterWebSocket:  at java.net.AbstractPlainSocketImpl.connectToAddress(AbstractPlainSocketImpl.java:230)
06-30 17:20:17.743  7296  8075 W MobileWalletAdapterWebSocket:  at java.net.AbstractPlainSocketImpl.connect(AbstractPlainSocketImpl.java:212)
06-30 17:20:17.743  7296  8075 W MobileWalletAdapterWebSocket:  at java.net.SocksSocketImpl.connect(SocksSocketImpl.java:436)
06-30 17:20:17.743  7296  8075 W MobileWalletAdapterWebSocket:  at java.net.Socket.connect(Socket.java:646)
06-30 17:20:17.743  7296  8075 W MobileWalletAdapterWebSocket:  at com.neovisionaries.ws.client.SocketInitiator$SocketRacer.run(SocketInitiator.java:126)
06-30 17:20:17.743  7296  8075 W MobileWalletAdapterWebSocket: Caused by: android.system.ErrnoException: isConnected failed: ECONNREFUSED (Connection refused)
06-30 17:20:17.743  7296  8075 W MobileWalletAdapterWebSocket:  at libcore.io.IoBridge.isConnected(IoBridge.java:334)
06-30 17:20:17.743  7296  8075 W MobileWalletAdapterWebSocket:  ... 9 more
06-30 17:20:17.743  7296  8075 D LocalAssociationScenario: Connect attempt failed, retrying in 150 ms
06-30 17:20:17.757  1466  1466 W Layer   : gatherBufferInfo: Received unknown dataspace from gralloc
06-30 17:20:17.757  1466  1466 W Layer   : gatherBufferInfo: Received unknown dataspace from gralloc
06-30 17:20:17.759  2345  4667 W TelephonyPermissions: reportAccessDeniedToReadIdentifiers:com.solflare.mobile:getSerial:-1
06-30 17:20:17.760 27590  8060 E qdgralloc: GetSize: Unrecognized pixel format: 0x38
06-30 17:20:17.761 27590  8060 E Gralloc4: isSupported(1, 1, 56, 1, ...) failed with 5
06-30 17:20:17.761  1363  1363 E qdgralloc: GetSize: Unrecognized pixel format: 0x38
06-30 17:20:17.761  1363  1363 E DMABUFHEAPS: Unable to allocate from DMA-BUF heap: qcom,system: Invalid argument
06-30 17:20:17.761  1363  1363 E DMABUFHEAPS: No ion heap of name qcom,system exists
06-30 17:20:17.761  1363  1363 E DMABUFHEAPS: No ion heap of name qcom,system exists
06-30 17:20:17.761  1363  1363 E qdgralloc: libdma alloc failed ion_fd -22 size 0 align 4096 heap_name qcom,system flags 0
06-30 17:20:17.761  1363  1363 E qdgralloc: AllocateMem: Failed to allocate buffer - heap name: qcom,system flags: 0x0 ret: -22
06-30 17:20:17.761  1363  1363 E qdgralloc: gralloc failed to allocate err=Invalid argument format 56 size 0 WxH 4x4 usage 2816
06-30 17:20:17.761 27590  8060 E GraphicBufferAllocator: Failed to allocate (4 x 4) layerCount 1 format 56 usage b00: 5
06-30 17:20:17.761 27590  8060 E AHardwareBuffer: GraphicBuffer(w=4, h=4, lc=1) failed (Unknown error -5), handle=0x0
06-30 17:20:17.761 27590  8060 E qdgralloc: GetSize: Unrecognized pixel format: 0x3b
06-30 17:20:17.761 27590  8060 E Gralloc4: isSupported(1, 1, 59, 1, ...) failed with 5
06-30 17:20:17.761  1363  1419 E qdgralloc: GetSize: Unrecognized pixel format: 0x3b
06-30 17:20:17.761  1363  1419 E DMABUFHEAPS: Unable to allocate from DMA-BUF heap: qcom,system: Invalid argument
06-30 17:20:17.761  1363  1419 E DMABUFHEAPS: No ion heap of name qcom,system exists
06-30 17:20:17.761  1363  1419 E DMABUFHEAPS: No ion heap of name qcom,system exists
06-30 17:20:17.761  1363  1419 E qdgralloc: libdma alloc failed ion_fd -22 size 0 align 4096 heap_name qcom,system flags 0
06-30 17:20:17.761  1363  1419 E qdgralloc: AllocateMem: Failed to allocate buffer - heap name: qcom,system flags: 0x0 ret: -22
06-30 17:20:17.761  1363  1419 E qdgralloc: gralloc failed to allocate err=Invalid argument format 59 size 0 WxH 4x4 usage 2816
06-30 17:20:17.761 27590  8060 E GraphicBufferAllocator: Failed to allocate (4 x 4) layerCount 1 format 59 usage b00: 5
06-30 17:20:17.761 27590  8060 E AHardwareBuffer: GraphicBuffer(w=4, h=4, lc=1) failed (Unknown error -5), handle=0x0
06-30 17:20:17.761 27590  8060 E qdgralloc: GetSize: Unrecognized pixel format: 0x38
06-30 17:20:17.761 27590  8060 E Gralloc4: isSupported(1, 1, 56, 1, ...) failed with 5
06-30 17:20:17.761  1363  1419 E qdgralloc: GetSize: Unrecognized pixel format: 0x38
06-30 17:20:17.761  1363  1419 E DMABUFHEAPS: Unable to allocate from DMA-BUF heap: qcom,system: Invalid argument
06-30 17:20:17.761  1363  1419 E DMABUFHEAPS: No ion heap of name qcom,system exists
06-30 17:20:17.761  1363  1419 E DMABUFHEAPS: No ion heap of name qcom,system exists
06-30 17:20:17.761  1363  1419 E qdgralloc: libdma alloc failed ion_fd -22 size 0 align 4096 heap_name qcom,system flags 0
06-30 17:20:17.761  1363  1419 E qdgralloc: AllocateMem: Failed to allocate buffer - heap name: qcom,system flags: 0x0 ret: -22
06-30 17:20:17.761  1363  1419 E qdgralloc: gralloc failed to allocate err=Invalid argument format 56 size 0 WxH 4x4 usage 2816
06-30 17:20:17.761 27590  8060 E GraphicBufferAllocator: Failed to allocate (4 x 4) layerCount 1 format 56 usage b00: 5
06-30 17:20:17.761 27590  8060 E AHardwareBuffer: GraphicBuffer(w=4, h=4, lc=1) failed (Unknown error -5), handle=0x0
06-30 17:20:17.761 27590  8060 E qdgralloc: GetSize: Unrecognized pixel format: 0x3b
06-30 17:20:17.761 27590  8060 E Gralloc4: isSupported(1, 1, 59, 1, ...) failed with 5
06-30 17:20:17.761  1363  1363 E qdgralloc: GetSize: Unrecognized pixel format: 0x3b
06-30 17:20:17.761  1363  1363 E DMABUFHEAPS: Unable to allocate from DMA-BUF heap: qcom,system: Invalid argument
06-30 17:20:17.761  1363  1363 E DMABUFHEAPS: No ion heap of name qcom,system exists
06-30 17:20:17.761  1363  1363 E DMABUFHEAPS: No ion heap of name qcom,system exists
06-30 17:20:17.761  1363  1363 E qdgralloc: libdma alloc failed ion_fd -22 size 0 align 4096 heap_name qcom,system flags 0
06-30 17:20:17.761  1363  1363 E qdgralloc: AllocateMem: Failed to allocate buffer - heap name: qcom,system flags: 0x0 ret: -22
06-30 17:20:17.761  1363  1363 E qdgralloc: gralloc failed to allocate err=Invalid argument format 59 size 0 WxH 4x4 usage 2816
06-30 17:20:17.761 27590  8060 E GraphicBufferAllocator: Failed to allocate (4 x 4) layerCount 1 format 59 usage b00: 5
06-30 17:20:17.761 27590  8060 E AHardwareBuffer: GraphicBuffer(w=4, h=4, lc=1) failed (Unknown error -5), handle=0x0
06-30 17:20:17.761 27590  8060 E Surface : freeAllBuffers: 1 buffers were freed while being dequeued!
06-30 17:20:17.762 27590  8060 W qdgralloc: getInterlacedFlag: getMetaData returned -22, defaulting to interlaced_flag = 0
06-30 17:20:17.762 27590  8060 W qdgralloc: getInterlacedFlag: getMetaData returned -22, defaulting to interlaced_flag = 0
06-30 17:20:17.763 27590  8060 W qdgralloc: getInterlacedFlag: getMetaData returned -22, defaulting to interlaced_flag = 0
06-30 17:20:17.763  2345  2496 I ActivityTaskManager: Displayed com.solflare.mobile/.MainActivity for user 0: +178ms
06-30 17:20:17.763 27590  8060 W qdgralloc: getInterlacedFlag: getMetaData returned -22, defaulting to interlaced_flag = 0
06-30 17:20:17.763 27590  8060 W qdgralloc: getInterlacedFlag: getMetaData returned -22, defaulting to interlaced_flag = 0
06-30 17:20:17.764  2345  2496 V WindowManager: Sent Transition #500 createdAt=06-30 17:20:17.581 via request=TransitionRequestInfo { type = OPEN, triggerTask = TaskInfo{userId=0 taskId=109 displayId=0 isRunning=true baseIntent=Intent { act=android.intent.action.MAIN cat=[android.intent.category.LAUNCHER] flg=0x10200000 cmp=com.example.Mobile/dev.dioxus.main.MainActivity } baseActivity=ComponentInfo{com.example.Mobile/dev.dioxus.main.MainActivity} topActivity=ComponentInfo{com.solflare.mobile/com.solflare.mobile.MainActivity} origActivity=null realActivity=ComponentInfo{com.example.Mobile/dev.dioxus.main.MainActivity} numActivities=2 lastActiveTime=966111380 supportsMultiWindow=true resizeMode=1 isResizeable=true minWidth=-1 minHeight=-1 defaultMinSize=220 token=WCT{RemoteToken{f59e3c9 Task{5b1e2a #109 type=standard A=10258:com.example.Mobile}}} topActivityType=1 pictureInPictureParams=null shouldDockBigOverlays=false launchIntoPipHostTaskId=-1 lastParentTaskIdBeforePip=-1 displayCutoutSafeInsets=Rect(0, 118 - 0, 0) topActivityInfo=ActivityInfo{1f01a01 com.solflare.mobile.MainActivity} launchCookies=[android.os.BinderProxy@9f36def] positionInParent=Point(0, 0) parentTaskId=-1 isFocused=true isVisible=true isVisibleRequested=true isSleeping=false topActivityInSizeCompat=false topActivityEligibleForLetterboxEducation= false topActivityLetterboxed= false isFromDoubleTap= false topActivityLetterboxVerticalPosition= -1 topActivityLetterboxHorizontalPosition= -1 topActivityLetterboxWidth=-1 topActivityLetterboxHeight=-1 locusId=null displayAreaFeatureId=1 cameraCompatControlState=hidden}, remoteTransition = null, displayChange = null }
06-30 17:20:17.764  2345  2496 V WindowManager:     startWCT=WindowContainerTransaction { changes = {} hops = [] errorCallbackToken=null taskFragmentOrganizer=null }
06-30 17:20:17.764  2967  3007 V WindowManagerShell: onTransitionReady android.os.BinderProxy@622d3be: {id=500 t=OPEN f=0x0 trk=0 r=[0@Point(0, 0)] c=[{null m=OPEN f=FILLS_TASK leash=Surface(name=ActivityRecord{271a91e u0 com.solflare.mobile/.MainActivity)/@0x4e96535 sb=Rect(0, 0 - 0, 0) eb=Rect(0, 0 - 1080, 2400) d=-1->0 r=-1->0:-1},{null m=TO_BACK f=FILLS_TASK leash=Surface(name=ActivityRecord{614c6ff u0 com.example.Mobile/dev.dioxus.main.MainActivity)/@0x346dca sb=Rect(0, 0 - 1080, 2400) eb=Rect(0, 0 - 1080, 2400) d=0}]}
06-30 17:20:17.764  2967  3007 V WindowManagerShell: Playing animation for (#500)android.os.BinderProxy@622d3be@0
06-30 17:20:17.764  2967  3007 V WindowManagerShell:  try handler com.android.wm.shell.transition.DefaultMixedHandler@311586f
06-30 17:20:17.764  2967  3007 V WindowManagerShell:  try handler com.android.wm.shell.keyguard.KeyguardTransitionHandler@4becb6d
06-30 17:20:17.764  2967  3007 V WindowManagerShell:  try handler com.android.wm.shell.activityembedding.ActivityEmbeddingController@a8603a2
06-30 17:20:17.764  2967  3007 V WindowManagerShell:  try handler com.android.wm.shell.recents.RecentsTransitionHandler@1771833
06-30 17:20:17.764  2967  3007 V ShellRecents: RecentsTransitionHandler.startAnimation: no controller found
06-30 17:20:17.764  2967  3007 V WindowManagerShell:  try handler com.android.wm.shell.pip.PipTransition@38707f0
06-30 17:20:17.765  2967  3007 V WindowManagerShell:  try handler com.android.wm.shell.splitscreen.StageCoordinator@889b169
06-30 17:20:17.765  2967  3007 V WindowManagerShell:  try handler com.android.wm.shell.transition.RemoteTransitionHandler@6e4b7ee
06-30 17:20:17.765  2345  2496 V WindowManager:     info={id=500 t=OPEN f=0x0 trk=0 r=[0@Point(0, 0)] c=[{null m=OPEN f=FILLS_TASK leash=Surface(name=ActivityRecord{271a91e u0 com.solflare.mobile/.MainActivity)/@0x57c40da sb=Rect(0, 0 - 0, 0) eb=Rect(0, 0 - 1080, 2400) d=-1->0 r=-1->0:-1},{null m=TO_BACK f=FILLS_TASK leash=Surface(name=ActivityRecord{614c6ff u0 com.example.Mobile/dev.dioxus.main.MainActivity)/@0xa331bd sb=Rect(0, 0 - 1080, 2400) eb=Rect(0, 0 - 1080, 2400) d=0}]}
06-30 17:20:17.765  2967  3007 V WindowManagerShell: Transition doesn't have explicit remote, search filters for match for {id=500 t=OPEN f=0x0 trk=0 r=[0@Point(0, 0)] c=[{null m=OPEN f=FILLS_TASK leash=Surface(name=ActivityRecord{271a91e u0 com.solflare.mobile/.MainActivity)/@0x4e96535 sb=Rect(0, 0 - 0, 0) eb=Rect(0, 0 - 1080, 2400) d=-1->0 r=-1->0:-1},{null m=TO_BACK f=FILLS_TASK leash=Surface(name=ActivityRecord{614c6ff u0 com.example.Mobile/dev.dioxus.main.MainActivity)/@0x346dca sb=Rect(0, 0 - 1080, 2400) eb=Rect(0, 0 - 1080, 2400) d=0}]}
06-30 17:20:17.765  2967  3007 V WindowManagerShell:  Checking filter Pair{{types=[] flags=0x0] notFlags=0x100 checks=[{atype=home independent=true modes=[OPEN,TO_FRONT] flags=NONE mustBeTask=false order=TOP topActivity=ComponentInfo{com.android.launcher3/com.android.searchlauncher.SearchLauncher}},{atype=standard independent=true modes=[CLOSE,TO_BACK] flags=NONE mustBeTask=false order=ANY topActivity=null}]} RemoteTransition { remoteTransition = android.window.IRemoteTransition$Stub$Proxy@f81048f, appThread = android.app.IApplicationThread$Stub$Proxy@eecb31c, debugName = QuickstepLaunchHome }}
06-30 17:20:17.765  2967  3007 V WindowManagerShell:  Delegate animation for #500 to null
06-30 17:20:17.765  2967  3007 V WindowManagerShell:  try handler com.android.wm.shell.transition.DefaultTransitionHandler@d02fb25
06-30 17:20:17.765  2967  3007 V WindowManagerShell: start default transition animation, info = {id=500 t=OPEN f=0x0 trk=0 r=[0@Point(0, 0)] c=[{null m=OPEN f=FILLS_TASK leash=Surface(name=ActivityRecord{271a91e u0 com.solflare.mobile/.MainActivity)/@0x4e96535 sb=Rect(0, 0 - 0, 0) eb=Rect(0, 0 - 1080, 2400) d=-1->0 r=-1->0:-1},{null m=TO_BACK f=FILLS_TASK leash=Surface(name=ActivityRecord{614c6ff u0 com.example.Mobile/dev.dioxus.main.MainActivity)/@0x346dca sb=Rect(0, 0 - 1080, 2400) eb=Rect(0, 0 - 1080, 2400) d=0}]}
06-30 17:20:17.771  2967  3007 V WindowManagerShell: loadAnimation: anim=android.view.animation.AnimationSet@3139017 animAttr=0x5 type=OPEN isEntrance=false
06-30 17:20:17.789  2967  3007 V WindowManagerShell: loadAnimation: anim=android.view.animation.AnimationSet@1b716b3 animAttr=0x4 type=OPEN isEntrance=true
06-30 17:20:17.791  1466  1466 W Layer   : gatherBufferInfo: Received unknown dataspace from gralloc
06-30 17:20:17.791  1466  1466 W Layer   : gatherBufferInfo: Received unknown dataspace from gralloc
06-30 17:20:17.791  1466  1466 W Layer   : gatherBufferInfo: Received unknown dataspace from gralloc
06-30 17:20:17.799  1466  1466 W Layer   : gatherBufferInfo: Received unknown dataspace from gralloc
06-30 17:20:17.805  2967  3007 V WindowManagerShell:  animated by com.android.wm.shell.transition.DefaultTransitionHandler@d02fb25
06-30 17:20:17.807  1466  1466 W Layer   : gatherBufferInfo: Received unknown dataspace from gralloc
06-30 17:20:17.815  1466  1466 W Layer   : gatherBufferInfo: Received unknown dataspace from gralloc
06-30 17:20:17.824  1466  1466 W Layer   : gatherBufferInfo: Received unknown dataspace from gralloc
06-30 17:20:17.849  1466  1466 W Layer   : gatherBufferInfo: Received unknown dataspace from gralloc
06-30 17:20:17.857  1466  1466 W Layer   : gatherBufferInfo: Received unknown dataspace from gralloc
06-30 17:20:17.881  1265  3673 I vendor.qti.bluetooth@1.0-ibs_handler: ProcessIbsCmd: Received IBS_WAKE_IND: 0xFD
06-30 17:20:17.881  1265  3673 D vendor.qti.bluetooth@1.0-ibs_handler: SerialClockVote: vote for UART CLK ON
06-30 17:20:17.881  1265  3673 D vendor.qti.bluetooth@1.0-wake_lock: Acquire wakelock is acquired
06-30 17:20:17.881  1265  3673 I vendor.qti.bluetooth@1.0-ibs_handler: ProcessIbsCmd: Writing IBS_WAKE_ACK
06-30 17:20:17.882  1466  1466 W Layer   : gatherBufferInfo: Received unknown dataspace from gralloc
06-30 17:20:17.883  3132  3675 I bt_stack: [INFO:btm_ble_gap.cc(3297)] btm_ble_process_adv_pkt_cont Data Complete 25:8a:76:e3:d0:d1
06-30 17:20:17.883  3132  3675 D bt_btm_ble: bool parse_adv_audio_uuids_from_adv_pkt(const uint8_t *, size_t, uint8_t): tmap_cap_pts: false
06-30 17:20:17.884  3132  3497 D BluetoothAdapterService: getIdentityAddress null retruning 25:8A:76:E3:D0:D1
06-30 17:20:17.885  2345  4667 I ImeTracker: com.solflare.mobile:caabbcfe: onRequestHide at ORIGIN_SERVER_HIDE_INPUT reason HIDE_UNSPECIFIED_WINDOW
06-30 17:20:17.885  2345  4667 I ImeTracker: com.solflare.mobile:caabbcfe: onCancelled at PHASE_SERVER_SHOULD_HIDE
06-30 17:20:17.886 24309 24309 I GoogleInputMethodService: GoogleInputMethodService.onFinishInput():1984
06-30 17:20:17.886 24309 24309 I Module  : DeviceLockedStatusModuleProvider$Module.updateDeviceLockedStatus():100 repeatCheckTimes = 0, locked = false
06-30 17:20:17.886 24309 24309 I GoogleInputMethodService: GoogleInputMethodService.onStartInput():1248 onStartInput(EditorInfo{EditorInfo{packageName=com.solflare.mobile, inputType=0, inputTypeString=NULL, enableLearning=false, autoCorrection=false, autoComplete=false, imeOptions=0, privateImeOptions=null, actionName=UNSPECIFIED, actionLabel=null, initialSelStart=-1, initialSelEnd=-1, initialCapsMode=0, label=null, fieldId=0, fieldName=null, extras=null, hintText=null, hintLocales=[]}}, false)
06-30 17:20:17.887 24309 24309 I Module  : DeviceLockedStatusModuleProvider$Module.updateDeviceLockedStatus():100 repeatCheckTimes = 1, locked = false
06-30 17:20:17.887  2345  2452 W PackageConfigPersister: App-specific configuration not found for packageName: com.solflare.mobile and userId: 0
06-30 17:20:17.893  7296  8058 V MobileWalletAdapterWebSocket: MobileWalletAdapterWebSocket-ctor
06-30 17:20:17.893  7296  8058 V MobileWalletAdapterWebSocket: connect
06-30 17:20:17.897  7296  8085 W MobileWalletAdapterWebSocket: WebSockets error
06-30 17:20:17.897  7296  8085 W MobileWalletAdapterWebSocket: com.neovisionaries.ws.client.WebSocketException: Failed to connect to '127.0.0.1:51852': failed to connect to /127.0.0.1 (port 51852) from /127.0.0.1 (port 37306) after 200ms: isConnected failed: ECONNREFUSED (Connection refused)
06-30 17:20:17.897  7296  8085 W MobileWalletAdapterWebSocket:  at com.neovisionaries.ws.client.SocketConnector.connectSocket(SocketConnector.java:126)
06-30 17:20:17.897  7296  8085 W MobileWalletAdapterWebSocket:  at com.neovisionaries.ws.client.SocketConnector.doConnect(SocketConnector.java:238)
06-30 17:20:17.897  7296  8085 W MobileWalletAdapterWebSocket:  at com.neovisionaries.ws.client.SocketConnector.connect(SocketConnector.java:189)
06-30 17:20:17.897  7296  8085 W MobileWalletAdapterWebSocket:  at com.neovisionaries.ws.client.WebSocket.connect(WebSocket.java:2351)
06-30 17:20:17.897  7296  8085 W MobileWalletAdapterWebSocket:  at com.neovisionaries.ws.client.ConnectThread.runMain(ConnectThread.java:32)
06-30 17:20:17.897  7296  8085 W MobileWalletAdapterWebSocket:  at com.neovisionaries.ws.client.WebSocketThread.run(WebSocketThread.java:45)
06-30 17:20:17.897  7296  8085 W MobileWalletAdapterWebSocket: Caused by: java.net.ConnectException: failed to connect to /127.0.0.1 (port 51852) from /127.0.0.1 (port 37306) after 200ms: isConnected failed: ECONNREFUSED (Connection refused)
06-30 17:20:17.897  7296  8085 W MobileWalletAdapterWebSocket:  at libcore.io.IoBridge.isConnected(IoBridge.java:347)
06-30 17:20:17.897  7296  8085 W MobileWalletAdapterWebSocket:  at libcore.io.IoBridge.connectErrno(IoBridge.java:237)
06-30 17:20:17.897  7296  8085 W MobileWalletAdapterWebSocket:  at libcore.io.IoBridge.connect(IoBridge.java:179)
06-30 17:20:17.897  7296  8085 W MobileWalletAdapterWebSocket:  at java.net.PlainSocketImpl.socketConnect(PlainSocketImpl.java:142)
06-30 17:20:17.897  7296  8085 W MobileWalletAdapterWebSocket:  at java.net.AbstractPlainSocketImpl.doConnect(AbstractPlainSocketImpl.java:390)
06-30 17:20:17.897  7296  8085 W MobileWalletAdapterWebSocket:  at java.net.AbstractPlainSocketImpl.connectToAddress(AbstractPlainSocketImpl.java:230)
06-30 17:20:17.897  7296  8085 W MobileWalletAdapterWebSocket:  at java.net.AbstractPlainSocketImpl.connect(AbstractPlainSocketImpl.java:212)
06-30 17:20:17.897  7296  8085 W MobileWalletAdapterWebSocket:  at java.net.SocksSocketImpl.connect(SocksSocketImpl.java:436)
06-30 17:20:17.897  7296  8085 W MobileWalletAdapterWebSocket:  at java.net.Socket.connect(Socket.java:646)
06-30 17:20:17.897  7296  8085 W MobileWalletAdapterWebSocket:  at com.neovisionaries.ws.client.SocketInitiator$SocketRacer.run(SocketInitiator.java:126)
06-30 17:20:17.897  7296  8085 W MobileWalletAdapterWebSocket: Caused by: android.system.ErrnoException: isConnected failed: ECONNREFUSED (Connection refused)
06-30 17:20:17.897  7296  8085 W MobileWalletAdapterWebSocket:  at libcore.io.IoBridge.isConnected(IoBridge.java:334)
06-30 17:20:17.897  7296  8085 W MobileWalletAdapterWebSocket:  ... 9 more
06-30 17:20:17.897  7296  8085 D LocalAssociationScenario: Connect attempt failed, retrying in 200 ms
06-30 17:20:17.899  1466  1466 W Layer   : gatherBufferInfo: Received unknown dataspace from gralloc
06-30 17:20:17.915  1466  1466 W Layer   : gatherBufferInfo: Received unknown dataspace from gralloc
06-30 17:20:17.922  1265  3673 I vendor.qti.bluetooth@1.0-ibs_handler: ProcessIbsCmd: Received IBS_SLEEP_IND: 0xFE
06-30 17:20:17.922  1265  3673 D vendor.qti.bluetooth@1.0-ibs_handler: SerialClockVote: vote for UART CLK OFF
06-30 17:20:17.923  1466  1466 W Layer   : gatherBufferInfo: Received unknown dataspace from gralloc
06-30 17:20:17.948  1466  1466 W Layer   : gatherBufferInfo: Received unknown dataspace from gralloc
06-30 17:20:17.956  1466  1466 W Layer   : gatherBufferInfo: Received unknown dataspace from gralloc
06-30 17:20:17.981  1466  1466 W Layer   : gatherBufferInfo: Received unknown dataspace from gralloc
06-30 17:20:17.998  1466  1466 W Layer   : gatherBufferInfo: Received unknown dataspace from gralloc
06-30 17:20:18.072  1265  3502 D vendor.qti.bluetooth@1.0-wake_lock: Release wakelock is released
06-30 17:20:18.097  7296  8058 V MobileWalletAdapterWebSocket: MobileWalletAdapterWebSocket-ctor
06-30 17:20:18.098  7296  8058 V MobileWalletAdapterWebSocket: connect
06-30 17:20:18.100  7296  8087 W MobileWalletAdapterWebSocket: WebSockets error
06-30 17:20:18.100  7296  8087 W MobileWalletAdapterWebSocket: com.neovisionaries.ws.client.WebSocketException: Failed to connect to '127.0.0.1:51852': failed to connect to /127.0.0.1 (port 51852) from /127.0.0.1 (port 37308) after 200ms: isConnected failed: ECONNREFUSED (Connection refused)
06-30 17:20:18.100  7296  8087 W MobileWalletAdapterWebSocket:  at com.neovisionaries.ws.client.SocketConnector.connectSocket(SocketConnector.java:126)
06-30 17:20:18.100  7296  8087 W MobileWalletAdapterWebSocket:  at com.neovisionaries.ws.client.SocketConnector.doConnect(SocketConnector.java:238)
06-30 17:20:18.100  7296  8087 W MobileWalletAdapterWebSocket:  at com.neovisionaries.ws.client.SocketConnector.connect(SocketConnector.java:189)
06-30 17:20:18.100  7296  8087 W MobileWalletAdapterWebSocket:  at com.neovisionaries.ws.client.WebSocket.connect(WebSocket.java:2351)
06-30 17:20:18.100  7296  8087 W MobileWalletAdapterWebSocket:  at com.neovisionaries.ws.client.ConnectThread.runMain(ConnectThread.java:32)
06-30 17:20:18.100  7296  8087 W MobileWalletAdapterWebSocket:  at com.neovisionaries.ws.client.WebSocketThread.run(WebSocketThread.java:45)
06-30 17:20:18.100  7296  8087 W MobileWalletAdapterWebSocket: Caused by: java.net.ConnectException: failed to connect to /127.0.0.1 (port 51852) from /127.0.0.1 (port 37308) after 200ms: isConnected failed: ECONNREFUSED (Connection refused)
06-30 17:20:18.100  7296  8087 W MobileWalletAdapterWebSocket:  at libcore.io.IoBridge.isConnected(IoBridge.java:347)
06-30 17:20:18.100  7296  8087 W MobileWalletAdapterWebSocket:  at libcore.io.IoBridge.connectErrno(IoBridge.java:237)
06-30 17:20:18.100  7296  8087 W MobileWalletAdapterWebSocket:  at libcore.io.IoBridge.connect(IoBridge.java:179)
06-30 17:20:18.100  7296  8087 W MobileWalletAdapterWebSocket:  at java.net.PlainSocketImpl.socketConnect(PlainSocketImpl.java:142)
06-30 17:20:18.100  7296  8087 W MobileWalletAdapterWebSocket:  at java.net.AbstractPlainSocketImpl.doConnect(AbstractPlainSocketImpl.java:390)
06-30 17:20:18.100  7296  8087 W MobileWalletAdapterWebSocket:  at java.net.AbstractPlainSocketImpl.connectToAddress(AbstractPlainSocketImpl.java:230)
06-30 17:20:18.100  7296  8087 W MobileWalletAdapterWebSocket:  at java.net.AbstractPlainSocketImpl.connect(AbstractPlainSocketImpl.java:212)
06-30 17:20:18.100  7296  8087 W MobileWalletAdapterWebSocket:  at java.net.SocksSocketImpl.connect(SocksSocketImpl.java:436)
06-30 17:20:18.100  7296  8087 W MobileWalletAdapterWebSocket:  at java.net.Socket.connect(Socket.java:646)
06-30 17:20:18.100  7296  8087 W MobileWalletAdapterWebSocket:  at com.neovisionaries.ws.client.SocketInitiator$SocketRacer.run(SocketInitiator.java:126)
06-30 17:20:18.100  7296  8087 W MobileWalletAdapterWebSocket: Caused by: android.system.ErrnoException: isConnected failed: ECONNREFUSED (Connection refused)
06-30 17:20:18.100  7296  8087 W MobileWalletAdapterWebSocket:  at libcore.io.IoBridge.isConnected(IoBridge.java:334)
06-30 17:20:18.100  7296  8087 W MobileWalletAdapterWebSocket:  ... 9 more
06-30 17:20:18.101  7296  8087 D LocalAssociationScenario: Connect attempt failed, retrying in 500 ms
06-30 17:20:18.271  2967  3007 V WindowManagerShell: Transition animation finished (aborted=false), notifying core (#500)android.os.BinderProxy@622d3be@0
06-30 17:20:18.273  2345  2496 V WindowManager: Finish Transition #500: created at 06-30 17:20:17.581 collect-started=0.073ms request-sent=6.594ms started=7.21ms ready=11.91ms sent=177.946ms finished=691.274ms
06-30 17:20:18.277  2967  3007 V WindowManagerShell: Track 0 became idle
06-30 17:20:18.277  2967  3007 V WindowManagerShell: All active transition animations finished
06-30 17:20:18.278  3144  3819 W DynamicDDSService: appName is not found in cache: com.example.Mobile
06-30 17:20:18.286  3132  3495 I BtGatt.ScanManager: msg.what = 6
06-30 17:20:18.286  3132  3495 D BtGatt.ScanManager: uid 10109 isForeground true scanMode 1
06-30 17:20:18.286  3132  3495 D BtGatt.ScanManager: uid 10109 isForeground true scanMode 3
06-30 17:20:18.289  1466  1466 W Layer   : gatherBufferInfo: Received unknown dataspace from gralloc
06-30 17:20:18.289  1466  1466 W Layer   : gatherBufferInfo: Received unknown dataspace from gralloc
06-30 17:20:18.539   923   943 D SPL     : Handle Request
06-30 17:20:18.539   923   943 E SPL     : unknown cmd id [57005]
06-30 17:20:18.539   923   943 D SPL     : Send Response
06-30 17:20:18.540   923   943 D SPL     : QSEECom_send_resp() OK.
06-30 17:20:18.540   923   943 D SPL     : ==== Wait For Request ======
06-30 17:20:18.547   923   943 D SPL     : Handle Request
06-30 17:20:18.547   923   943 D SPL     : Dev node [/dev/qsee_ipc_irq_spss] opened OK.
06-30 17:20:18.547   923   943 D SPL     : timeout_msec [120000]
06-30 17:20:18.547   923   943 D SPL     : pfd[0].fd [29].
06-30 17:20:18.547   923   943 D SPL     : pfd[1].fd [26].
06-30 17:20:18.547   923   943 D SPL     : Call poll()
06-30 17:20:18.547   923   943 D SPL     : poll() ret [1].
06-30 17:20:18.547   923   943 D SPL     : pfd[0].revents [0x1].
06-30 17:20:18.547   923   943 D SPL     : pfd[1].revents [0x0].
06-30 17:20:18.547   923   943 D SPL     : IRQ Detected OK.
06-30 17:20:18.547   923   943 D SPL     : Send Response
06-30 17:20:18.547   923   943 D SPL     : QSEECom_send_resp() OK.
06-30 17:20:18.547   923   943 D SPL     : ==== Wait For Request ======
06-30 17:20:18.548   923   943 D SPL     : Handle Request
06-30 17:20:18.548   923   943 D SPL     : Dev node [/dev/qsee_ipc_irq_spss] opened OK.
06-30 17:20:18.549   923   943 D SPL     : timeout_msec [120000]
06-30 17:20:18.549   923   943 D SPL     : pfd[0].fd [29].
06-30 17:20:18.549   923   943 D SPL     : pfd[1].fd [26].
06-30 17:20:18.549   923   943 D SPL     : Call poll()
06-30 17:20:18.577   923   943 D SPL     : poll() ret [1].
06-30 17:20:18.577   923   943 D SPL     : pfd[0].revents [0x1].
06-30 17:20:18.577   923   943 D SPL     : pfd[1].revents [0x0].
06-30 17:20:18.577   923   943 D SPL     : IRQ Detected OK.
06-30 17:20:18.577   923   943 D SPL     : Send Response
06-30 17:20:18.578   923   943 D SPL     : QSEECom_send_resp() OK.
06-30 17:20:18.578   923   943 D SPL     : ==== Wait For Request ======
06-30 17:20:18.584   923   943 D SPL     : Handle Request
06-30 17:20:18.584   923   943 E SPL     : unknown cmd id [57005]
06-30 17:20:18.584   923   943 D SPL     : Send Response
06-30 17:20:18.585   923   943 D SPL     : QSEECom_send_resp() OK.
06-30 17:20:18.585   923   943 D SPL     : ==== Wait For Request ======
06-30 17:20:18.592   923   943 D SPL     : Handle Request
06-30 17:20:18.592   923   943 D SPL     : Dev node [/dev/qsee_ipc_irq_spss] opened OK.
06-30 17:20:18.592   923   943 D SPL     : timeout_msec [120000]
06-30 17:20:18.592   923   943 D SPL     : pfd[0].fd [29].
06-30 17:20:18.592   923   943 D SPL     : pfd[1].fd [26].
06-30 17:20:18.592   923   943 D SPL     : Call poll()
06-30 17:20:18.593   923   943 D SPL     : poll() ret [1].
06-30 17:20:18.593   923   943 D SPL     : pfd[0].revents [0x1].
06-30 17:20:18.593   923   943 D SPL     : pfd[1].revents [0x0].
06-30 17:20:18.593   923   943 D SPL     : IRQ Detected OK.
06-30 17:20:18.593   923   943 D SPL     : Send Response
06-30 17:20:18.593   923   943 D SPL     : QSEECom_send_resp() OK.
06-30 17:20:18.593   923   943 D SPL     : ==== Wait For Request ======
06-30 17:20:18.595   923   943 D SPL     : Handle Request
06-30 17:20:18.595   923   943 D SPL     : Dev node [/dev/qsee_ipc_irq_spss] opened OK.
06-30 17:20:18.595   923   943 D SPL     : timeout_msec [120000]
06-30 17:20:18.595   923   943 D SPL     : pfd[0].fd [29].
06-30 17:20:18.595   923   943 D SPL     : pfd[1].fd [26].
06-30 17:20:18.595   923   943 D SPL     : Call poll()
06-30 17:20:18.601  7296  8058 V MobileWalletAdapterWebSocket: MobileWalletAdapterWebSocket-ctor
06-30 17:20:18.601  7296  8058 V MobileWalletAdapterWebSocket: connect
